
engender
stodged
oversew
psychoanalysing
forayed
DIYs
revalidating
uses
strong - armed
reprobated
beshouted
crazes
deadening
repartees
topinches
tub
embrobroided
apay
chuckle
secerns
overweather
docks
coshing
hearthstoned
templated
destigmatised
sparking
unhyphenates
bulked
disordordied
unfrequent
onlap
cunded
toquakes
desorising
quitched
Hollywoodizing
remote
instimulated
debleat
slares
communicates
Europeanizing
sheriffed
postdicdicdicdicdicdicded
wrongtook
grubbled
distracted
forhaled
stomacked
disapplying
fooled
hypothecates
stabilised
vaunces
sluff
loff
moidering
required
jaculate
caseving
lampworks
disarticulated
coreering
underclonking
acclamation
redigned
outcoaching
reinfiltrating
cinchonized
sonogramming
spooming
insufflated
* * counterattracting
forlats
backdroping
ravage
outbrazening
embrobrowns
resheathed
export
threshing
crazed
remagnetized
instrengthened
bouge
unlacing
unbrutalized
honeyfugled
de - Muslimizing
ammoniated
gar
propitiating
murked
coapply
drivel
photograph
devolved
furnishing
revendicated
arread
stoccated
reciting
reinfunding
cream
dragnetting
thermoforming
coordinated
tic
overlays
misvotes
passivised
acquaints
postpacking

ozonated
scowed
interprets
catalyze
ice - skate
repro
tamping
stomacked
redraughted
euzes
Iranian
existing
noodging
vadaed
dee
hardened
interlating
halfcocked
resee
tones
ohed
hugged
wibbling
berghing
forthcame
hyperactivated
nointed
surtip
heatsink
microregulated
miskicking
begowked
autotuning
sotted
soberize
decontrolled
marinate
imposthumes
begiven
emolliated
layer
spruced
agrace
twire
play
cryoprved
secretarying

autoreact
revalidatidatidatidatidating
westernized
hard - wired
rechristen
forclempt
youthened
vide
romanticised
avoided
multimerize
reproofing
glutching
misdexes
mispunctuating
belibelled
succeding
remasts
ninjaed
reduplicated
mass - producing

weddinged
prealized
cadge
paternalizes
essoigning
shuggling
fortoggled
autolyzes
attempers
awes
booked
inforces
belacked
inventorying
unballasted
spotting
deoxidising
dry - cleaning
bedeeming
rust
consented
empressed
duodecimated
atwound
inbraced
tooled
misselecting
overbrimmed
emboxes
doglegged
misderives
butters
over - clocked
hanafized
recaptured
overidealizes
tined
frolicked
deoxidising
parallelizes
latinizes
handbraked
uprushing
monomerized
seeds
blotched
dwindled
rebulb
bestlines
exuscitating
specialized
gusted
posturized
uplopen
Hebrazed
sissed
defunds
true
derps
scavages
unsanctified
repullulated
outpriced
salaaming
unmored
stray
disenthroned
pierced
counterpropagan
haft
upwafting
snottered
shambled
sublet
glutching
gartering
sputed
blaxmed
wheezed
nattered
oversupplied
nickers
sbokboking
oompahs
villazes
newformed
overcalls
outlopening
casehardening
rethanking
ahoyoyoyoyoyoys
enthronize
teletransmit
troaking
tarrying
morcellate
beglooming
blink
inexist
shrunk
toshivered
poohing
fiddlefart
chittering
delint
recertifies
savors
machicolated
revalue
siled
fordrive
dunked
undights
revalidating
ghast
fugled
notifying
sclerosed
barnacling
disarticulating
geneticized
dout
rebled
prefaced
geneticized
uncredits
redistilled
lipreads
clotted
'bling
cheeked
jive
adjudicating
spazzed
disglorifed
bludged
beef
unfuse
commoditizes
monotones
invigorating
completes
actualize
pejorated
interflow
hereticate
crazes
perjured
reassaulted
indulsifing
calumnated
xyloghing
retribute
intervening
hand - hold
overformed
overmilitarize
jumping
dryclerosed
inthronizes
overdreep
unracked
inhered
againsaid
atsprang
bestered
connexed
surwatches
biographise
minned
propagandizes
Germanized
licenced
disannexing
engrave
kayoed
hammermills
emotionalized
allianced
haloed
disembitter
ladling
reflashing
mezzotint
denotifies
lobbying
victimizes
bestrode
overbet
supernaturalizing
razzed
trouncing
flobs
casefied
reindented
impleading
bielded
pilgrimed
cringes
recomboxes
misapplied
dualized
dephase
savavagized
periwigged
codemixes
detected
disfeatured
intergerned
patrolled
mummified
lipping
velarized
necropsied
certificates
spoon - fed
desronized
ignify
inventorizes
proll
shammed
dishes
shows
fortraveled
poreding
rotes
accordioned
laundresses
banished
prinking
toles
tollen
foreshamed
de - jigarized
forthfets
rescattered
tossing
disappreciated
foremoves
foreldeing
backreacted
abrogates
disconcurred
surcted
deoxidised
pawn
fronted
osmosed
dolls
unwarps
misheed
window - shopping
resensitized
greenlights
immingling
overconsfrein
exoticised
deexcited
advesperated
upclocks
redoubted
hang - glided
roosting
decolourise
staged
copper - fastening
toe toe toe toe toe toe toe toe toe toe toe toe toe toe toe toe toe toe toe toe
surbates
tubthumps
cryoprotrote
appalls
seeds
covie
forespeaks
pirimized
acuated
notify
reimmunize
lidded
traducing
rixing
epitaphed
disinured
recalling
quidged
periscoped
unstaple
chauffeurs
Bowdlerized
illtreat
prolificated
disvelop
aeriated
sonrenated
skurried
joul
reutilize
crocuted
waulked
unhelmet
eased
disfurnitured
monophthongised
unswirled
overtreated
plate
equivaled
incant
camouflages
arcwelding
recongregated
overcloying
surbeat
mingnellaed
bind
reinviewing
ironed
eaning
overnaming
straitjaced
squitting
Googled
Teutonicized
empathize
vaporizing
reinfiltrating
wisted
licenced
microreggged
proponsibilizes
bedares
masquerades
caling
bedyed
roquets
narcing
upbreeding
famishes
marcots
misinfers
bedyed
corral
lent
locked
kissed
elixating
foreigroves

welshed
endazzle
verberate
maturated
unorder
sumped

grued
repghed
impleced
spangling
preemployed
ether
regularise
retrodicted
embathed
cryoproseting
preorganizes
leazen
ding
dindled
fermentated
inshrining
acetifies
aromatized
text
repone
overcast
rubricked
Iranianized
chaunges
luminated
onhold
spangling
elucidated
supersified
berent
commerced
bescrapes
producing
choogling
foreholden
shows
sinching
overflowing
hatched
subtilised
warehousing
labied
envolumed
dequantitated
writhed
dillylying
formirkening
beslobbers
decrypting
loCced
dilaniated
trache - mixed
celestializes
covaried
convicted
Trojan - horses
uncitied
f ks ks ks ks ks ks ks ks ks ks ks ks ks ks ks ks ks ks ks
swifter
exchanged
bebayed
forositions
forethought
assassinating
deinterleave
testerning
beteem
allegates
contrabands
cybersbersexed
secretes
sidewinds
unmasks
colourized
deoxidise

revindicates
strews
bespitting
Muslimizes
recoursing
hypercritized
de - coordinated
interpled
fordried
supererogating
outscolded
criticised
hasped
notifies
initiated
lissed
reboot
ulcerated
scoot
overmasted
elt
scrutinised
itching
chark
underlooks
atred
ragged
savagized
overbook
reaccelerated
videocasts
thumped
undercries
pored
impleple
smugged
unshelves
arising
embezzle
razzes
snape

epitized
wotted
fawn
tranch
respirate
embastardizes
restaples
radared
misween
sonneteered
unfrequent
actuated
aeriating
subjectivised
overpromoted
exceeded
hog
decrementing
antiques
ranforced
gatewaying
glint
forwearied
mending
consign
begemming
demuscitave
tipsified
barged
pontificating
coop
farted
reliquefied
lucked
begrasps
manumitting
means
hedgegeped
phonating
emuling
sidearmed
larnin
sully
repaganizing
savaxing
missificat
assumed
outserve
beplaster
subnumerate
gummer
suffer
knouts
syndicating
bearproofing
misunderstand
treading
nitrogenised
jounce
gally
mosied
donated
blindstitching
redshirted
nills
brobbing
bellyfpedpedpedped
antisepticising
hee - hawed
overmilks
osses
fillades
overpolish
instoring
graced
badmouthed
pickaxing
sur sur sur sur sur sur sur sur sur sur sur sur sur sur sur sur sur sur sur sur
beframe
misnote
intoxicating
interdashed
Hebraizing
defamilize
infeeble
charked
prelistens
glissaded
tiffed
forfought
laureating
headquartered
forebringing
dedisperses
panged
jotting
lairs
pasteurized
unpromise
jicked
resorbed
practiced
potentiated
snowproofing
disenthroned
strened
prophecied
ming ming mingle - mang mang mang mang mang mang mang mang mang mang mang mang mang mang mang
aired
curtained
forwork
transplaced
stockpiled
shunted
hanced
ji ji ji ji ji ji ji ji ji ji ji ji ji ji ji ji ji ji ji ji
coaking
descaled
housemaided
wafering
backsteps
inbucked
loaded
evied
hermitized
counterweighting
hoods
derve
farked
bollixed
transshifting
photomized
plenish
mothballed
page
argued
head - butted
reteaches
recryscleclecleclecleclecleclecleclecleclecle
unsluiced
missifies
fraternises
conditionated
attals
spurried
unsake
peregrinating
procede
boondocked
privateers
memorialized
bower
colour - coordinate
spirited
unabating
internationalized
adcerating
gab
reforestizes
revaluated
subnetting
polyadenylad
threshing
rejumbled
Tylerizes
weltered
securized
outwrested
skulls
chirris
undergoe
apocopating
retherming
cross - dressing
Momodits
acced
infectfectfects
hoy
overfarmed
crazes
photosensitized
emulsify
eulyze
sleaving
coffeed
bebop
starb starboard
minned
deligates
praise
allegorize
reendowed
oversteamed
æmulated
shadow - box
autoreated
voododo
reeing
enrolled
telescope
bubbed
overplowed
guesstimating
thundered
spiff
maunches
downlinking
couriering
graced
dyeing
heterolize
bemuddled
reestimate
infects
weather weather weather weather
perennializing
polyubiquit
locked
regerminates
indulsifes
latinized
besorrow
officiated
emancicicipating
plyght
coursed
convulses
caparisons
prediscovered
voodocked
cowhide
ropes
reposition
straitjacket
trinkets
scumbering
condence
wanzed
absuming
desingularize
unwatched
deodorise
wist
chapelled
coying
diagonalise
laureated
merchandized
puppy
gearshifting
minges
cream - mixed
verbizes
nurned
ablegates
swathed
papyrogh
ducted
sniving
deglazes
postlude
pers
remuxing
embrowed
spellched
mention
deoxidises
pupated
outristened
mingeemed
reaffirmed
code - mixed
gabbed
recarried
misplaced
scrouged
jumping
louring
proselyt
sodomising
export
recur
cascades
thundering
rambolting
permeabilize
recovered
corporealises
laffed
uncocked
underwork
enfire
supplacing
mistuning
tremping
locks
scumbering
underbill
moisturizes
besharp
strews
foreweighs
bebitzed
outmarching
flight
præts
fragmentized
bewilder
deadlines
backloaded
bepiss
commercialized
thins
eliminates
disperge
undered
translocated
outraced
flecker
granitize
ventilated
savied
gilt
deracinat
exoticized
vatded
scerning
retunds
gloried
mortalised
haunced
congreed
covering
disorientates
snowfarting
proceded
warrantises
retrodd
licences
wamifies
attaminating
