отличнике
безысходное
будут истрёпывать
личными
серьгу
долетало
раздавала

рекламодателях
тепловатые
переводимся
лесопильными
правдодобную
авторитетными
продовольственная
специальности
ткнись
спасителей
грамматику
пёрышках
просвещения
проведываете
вогнанный

омоглифы
раздавливай
растворителем
пришьем
уплывающий


нейтрализализализализализации

восстановишьсь
концентрированная
шмыгни
настенных
вываляйте
выдыхаю

полуметрах
припоминают
отбила
переворотили

ласкательных именах
эритроцита
дзельквы
аванванванванванцам
обхватывалывалывалывалывалывалывала
расплат
катерной
кургузом
изолятором
размётывала
предречешь
избавило
изгнаниях
тонзурах
снялся
наименьшему
безогоочна
прогуляв
толкатную
фактическое
англицизаций
придался
истребительной
алкогольное
стесняющий
припеве
преграждали
червовый
узбеков
лукавивший
финские но ножи
кувыркавывалывалываль
информатике
отважилась
крутился
тамильскому

крапом
ассонансами
будем будем допивать
французках
девшись
обустроилось
наклонности
радиоэлронным
интенсивному
атмосферное
зиждительные
корпорации

прилагательного налагательного
дублируете
киргизке

потаённой
кастрациями
пересадками
аллергичное
дохлый
покаяться
будем поскальзываться
степировка
катерникам
закономерности
финансирую
вышьем

воззрев
обмундированиям
будешь фапать
хриплых

усложняем
греем
набивайте
бразильянках
оглашала
ожидальне
отбила
инертных
хлопнуть
антисемитам
позолотите
будут насвистывать

автодорогами
серьбря
блюют
нанимавшись
прорезывавший
вязовыми
программой программ программой

европеизации
венск
кибератаки
игумена
сканзовзов
заваляв
мятнемся
шкурку
дилерам
печенья
условны
вмажут
голень
породните

отваюсь
анальными
отговаривают
аграриев


ногтеваевая
отвердей
трендам
искоми
уютных
разложение
иноходи
полюбетейзывать
убеждённого
надавливая
засловасловатому
ранены
буреломе
западноевропейской
классификаторе
развешав
сатирической
выговаривали
либеральничанью
годичном
изумила
дебюта

иссушили
хапаем
шатра
амбициозное
брезгающий
раскативший
испугами
будут усекать
сморщимся
ротовому
мазать
дождливому
антисемита
сдираюсь
будут докатываться
столпись
скользким
будет насатьать

отвердей
будешь насуеть
иллатив
аболиции

гладильную
хирургических
праславянской
ассамском
мошоночной
ножики
лекахках
принуждающий
бесфитильные
наладонного
делайте
настенный
намудривший
теософии
переберутся
перебиваем
распрямляющийся
удочеряющий
локализовав
априорной
самоуверенности
ржавой
недостающие
квантовая
орошении
гибкой
веранды
невзрывающихся
психический
анатомом
лиловой
ангольский
огрызете
риторические
абелевы абелевы
музыкален

родословный
эпических
винкелях
перегонять
лавровому
буду наступать
будет наниматься
приобщим
бушлаты
логичной
ланцетах
магнетит

ослепительному
алефов
французоноведения
курортной
ошпаривать
выкуп
музыкален
равняю
раскачал
колючести
будет отвисвистывать
пошатнут
сонарам
мятежкам
монглемлем
небрежных
делайте
боярышник
постанавливаю
исправленных
обтёсывают

монгольскихских книгах
рейтинг
пидор
нестоверное
пересадкой
чередуй

демпингах
сменился
накал
будут воображать
безболезненного
галдела
враждебна
кабардинским жардинским
хрупкого
встроенная
лежаке
собрата
искажай
затеваете
непоколебим
защищённостях
требуюсь
трусы
присутственных
землянкам
разрисовывающий
выскочим
красноярском
привередливой
прихлебнувший
шотландцы
воскресному
прею
загрязнениями
судакахках

абитуриенткам
осетинки
чудесной
кемеровская
обыкновенной
ультрафиолетовое
бьёшь
растяжения
рудное
изоляторе
расовыми
бисексуальный
посттравматический
запутываешь
треножит
бедные
функциональном
бесёнка
резервированиями

недоимке

прогонявший
александский
возшешешешешешешешешешешешешешешешешеше
отплывете
выжимаешь
трудовому

броневого
умещаешь
отрабоывала
бездельничайте
гречанок
задышав
клянёшь
дёсёсен
прогоняла
последняя
выпала
немалого
ободряем
равнобедренный
вскинемся
акра
пиджачком
практикую
абелевости
посаженного
незыблемые
лотерея
стыли
артиллеристов
тяжеленной
питаете
противоположный
составномном

билетов
изумлённые
проблеску
попыткам
доносилось
неуверенного
ускорения
индийскимииии
борщам
рационализации
ломкую
порочному
утомитовые
штудий
алунитах
милосердием
трудностям
нежелательным нажелательным
грнёми


алкашом

автомагического
Страсткам
издевавшись
сербскорватского
фракции
вкрадчивы
степному

опочанина
адессессивным падежам
смыкая
приспособившись
комнатушки
померках
объёмами
окачивать
пахучих
известнымиииии
шпионажах
веселел
отговорок
интонационализмам
прибежищам
пузаты
продавливав
аккомпанирует
норвежцам
разбоев
чурбаны
резная
безстроенного
ёбнутом
трубчатой
мятежной
застынете
государях

обезножеешь

архе
гаркнут
кленовых
модернизированный
баллистику
округляешь
подножке
распрямляющийся
нестоверное
вдумках
священноселям
объяснялось
ночному
ксивах
секретарши
приземлилась
опорной
отребье
выдыхающий
бухгалгалских книгах
стисну
повозочной
лечебницы


транслитерировать
флоралоралора
брокер
грипзное
убитом
белуджский
укутывай

совершись
будут мшить
небесного
набухнешь
вступись
усопшие
осторожности

степовали
запретом
педиков

делимым делимыми
пактный
матёрые
багами
греческие
мизерных

недомогания
венского
обещанному

небрежение
баюкюкаем
подпрыгивает
строгать
астрофизической
гргрызете
подзываем
разражается
устремляем
недействствями
звательные падежи
мысленных
благоразумия
керосинных
боярских
роились
нормативное
фигурных фигурных катаний

оздоровительного
независимозависимозависимозависимому
будут справлять
агитации
примечательных
соучастнице
светлопёрого судака
импульсным импульсным
поморщимся
троллей
вмещая
шведовую
яичнице
выпала
вьетнамтнамце
сдавайся

очистившийся
пролетаю
третья

литая
сверяемый
свёртыв
венского

способностям
бродячая
отложительным падежам
облокотись
шейные
пазухи

отвесного
гурмана
поездному
слог
аварскимиии
товарного


логикой
клеймить
колесу
шанцевый
апатитами
взятие
недоверчивые
антисемита
ввязывавший
обогатить
разбоевым
псарня
жидкие
сияющая
обрывают
заснежённых
утехе
проризировалась
вторичны
наивных
латинянину
шотландский
выпала
кратчайшей
прорезной
ожога
катионах
докуривал
тибетский
кропотливой
лобного
волевое
доброжелатель
перерабатыющее
групповымииииииииииииииииии
бесконечным

##ытанную
застреливал
перспективна
идентичную
баловником
непрлора
культуральному культуральному
гргрословываеваешь
расставляйте
египтянами
неприбнутом
лесопильными
адесстивный
толка
некрополем
баксы
грузинофобиях
опьяневший
сотрудницаями
сольная
сворами
мудаках
колхозных

полиграфическому
транснациональном
притягательному
стремниснистого
маклере
парах
улшашающийся
мурманчанами
привлекательности
давления
проебавший
тбетейке
индологов
жалование
вмазызывать
бакинцами
колонии
поработителя

рёберный
магнетическое
неприглаленной
сбывавшись
морской морской морской морской морской морской морской морской морской морской морской морской морской морской морской морской морской морской морской морской
пианистке
тщились
подветренных
заманчивые
эмалированных
государства
сельдерейной
изумлённую
распутьями
кинзы
ожерельем
пробив
цветочке
киевской
сторожам
гайнтеров
рписаться
луковичном
административному праву
воллчок
бахрома
будут голосить
межчелюстной
взаимодействиях
опоясывающий
спечем

закономерности
тревожится
эргами
пожары
лобком
отделения
перебрасываешь
магнежеты
двойственностей
вжужут
учредительных
изумлённого
муфтах
номинальное
трёхструнного
замешать
пароходу
тропосферы
отбила
запихивало
массиву
рентабельного
соудный
гладильную
умный
кокаины
извратит
сворат
зараразазазазазазазазазазаза
сиюбетейкой
каучуковой
наделениями
заводчикичикичикичикичикичикичикичикичикичикичикичикичикичикичикичикичикичикичики
объективности
вихрами
дозволительных
ассамблеях

оргкомитетам
затачивало
нагнетаюсь
будем воздействовать
факелки
кроворовоснажения
убедительности
мобильный
литая
конического
уродовали
будут покуривать
гребням
будет прогорать
безмятежного
опаловое
озонтальны
храрабрец
оплодотявявявявявявявший
зазвонив
аутентичичные
компрометирует
обыски
отвистывать
подпустите
числительные
казанами
абузусе
логики
гладильную
покаянному
травяные
мыслимые
ослабеете
милиции
вышиванку
будем устаревать
пасьянс
отведают
флора
будем наспоминаться
всесветной
квартирограммы
неповторимого
втискиваюсь
совместной
безличному
излишком
охлуп
битье
ограничениями
трепетного

мятятят
танкодром
извиняем
отвердений
примирение
семечек
величавом
поносу


идентичную
недостаемым
вопросов
мещанку
стекается
иссуриури
пассажирской

си сиденью наводчика наводчика наводчика наводчика наводчика на
будет наживаться
зенитчиком
вельвет
омонимов
пресс конференции
поздняя
пламени
будем обезвреживать
водоёмкий
прошивав
шутовских
юбки клёш
начальных
метнемся
печаткой
лобного
завезла
обезьянолюдям
сверяем

триптихами
честолюбивые
разрашённой
транслитерировать
##бнутом
нематериальны
проходимцу
топчутся
кичакчакы
переваливалось


этимологическая
озонтальной
сморкали
крикливым
буду ввализываться
кексах
среднесрочных
опаловому
оглушительном
пожня
починают
двухпалапалатной
зажаривав
голосистая
бокситовому
сотрудничество
степами
аб аб абстракт
переустроило
починают

жвачку
увило
поломкам
континентальный
вовой функции

фурункункулами
чередуйсь
авиапоччтовый
монгольскому
самоудовлетворение

готическое
индонезийскому


дверцу
присутствием
заселяйте
секвойю
периваивалось
кинофильмах
среднему пальцу
иконостасов
ушком
элементарных частицах
нужноудудское
безобидной
змеышышышышыш
пграграграграграграграграграграграграграграграграграграгра
сельдерейное
тимьяьяны

предлоложись
голубчику
пихт
долетаете
сале
будет насвистывать
привязав
затягивающего
алкашом
эротических
несчитывая
астигматизмы
ботанического
мятжимое
мятятельным
отскачетывай
мышьяки

промысловаленных
присадки
гаёв
наёмному
школяра
глинистымии
исправленных
благлагородная
локомотиве
строгают
##ёвам
шведских шведскихскихских
умиротворяйте
озадаченное
рекламном

вдумчивые
ассоциироваться
синоглифы

центрифуями
безобидное
среднесрочных
переулка
сердердердечном
тесном
лалудных
сердив
передумывав

увиля
специфических
цыганёнка
взрослеет
одинаковым
просвещения
служаниями
наблюдательном наблюдательном
прорицателей
встроеннемся
будут выставлять
взятием


булочных
удерживаются
современном
сырой
шишей
Рюрик
неимородками
речистой
гениальна
островки
нетерпимого
бананам
арменоведческого
разрывают
артериальному
свечевым четвергам
аб аб аб аб абстрактностями
астигматизмы
толкам
лотерея
музейным музейным музейным
задрожите
юго запад западных
осознавший
дёргаете
желанной
списка
сникни
высокооплывающее
минутами
детективной
слонококок
отжиги
космическими
воспроизведете
французов
неравравнодушная
приручайте
проучивавший
рыбьим жиром жиром жиром жиром жиром
сладкозвоенного
интернационализмами
роженицей
независимозависимому
винторогих
второстепенным
желтков
всемирном
изморозями
будешь неметь
торопливой
врачу
дисководов
необобоснованной
задумке
ослепительно
фермерскую
указателях
подыхательных
сотой
спелых
мушином
приближаемый

встроенного
азике
присягайте
лжец
чиркнуло
свернуться

воспитателями
полрукрукую
зекам
проекаливало
новодевичьих
закономерной
ассонансам
